// Jest Snapshot v1, https://goo.gl/fbAQLP

exports[`Jest Snapshot testing suite renders correctly 1`] = `
<button
  className="button"
  onClick={[Function]}
  type="button"
/>
`;
