// Jest Snapshot v1, https://goo.gl/fbAQLP

exports[`Jest Snapshot testing suite renders correctly 1`] = `
<div
  className="quote-container"
>
  <p>
    Quote is loading...!
  </p>
</div>
`;
